#-----------------------------------------------------------
# Vivado v2021.2 (64-bit)
# SW Build 3367213 on Tue Oct 19 02:48:09 MDT 2021
# IP Build 3369179 on Thu Oct 21 08:25:16 MDT 2021
# Start of session at: Wed Jan 19 14:31:27 2022
# Process ID: 24928
# Current directory: C:/vivado_tutorial/digita_design_using_vivado
# Command line: vivado.exe -gui_launcher_event rodinguilauncherevent18008 C:\vivado_tutorial\digita_design_using_vivado\digita_design_using_vivado.xpr
# Log file: C:/vivado_tutorial/digita_design_using_vivado/vivado.log
# Journal file: C:/vivado_tutorial/digita_design_using_vivado\vivado.jou
# Running On: XSHWELI20, OS: Windows, CPU Frequency: 3000 MHz, CPU Physical cores: 8, Host memory: 34131 MB
#-----------------------------------------------------------
start_gui
open_project C:/vivado_tutorial/digita_design_using_vivado/digita_design_using_vivado.xpr
update_compile_order -fileset sources_1
reset_run synth_1
launch_runs synth_1 -jobs 8
wait_on_run synth_1
set_property -dict {PACKAGE_PIN W9 IOSTANDARD LVCMOS33} [get_ports {SW7}]
open_run synth_1 -name synth_1
set_property -dict {PACKAGE_PIN W9 IOSTANDARD LVCMOS33} [get_ports {SW7}]
open_bd_design {C:/vivado_tutorial/digita_design_using_vivado/digita_design_using_vivado.srcs/sources_1/bd/design_1/design_1.bd}
set_property -dict {PACKAGE_PIN W9 IOSTANDARD LVCMOS33} [get_ports {SW7}]
set_property -dict {PACKAGE_PIN W9 IOSTANDARD LVCMOS33} [get_ports {SW7}]
# Disabling source management mode.  This is to allow the top design properties to be set without GUI intervention.
set_property source_mgmt_mode None [current_project]
set_property top design_1_wrapper [current_fileset]
# Re-enabling previously disabled source management mode.
set_property source_mgmt_mode All [current_project]
update_compile_order -fileset sources_1
set_property -dict {PACKAGE_PIN W9 IOSTANDARD LVCMOS33} [get_ports {SW7}]
export_ip_user_files -of_objects  [get_files C:/vivado_tutorial/digita_design_using_vivado/digita_design_using_vivado.srcs/sources_1/imports/tutorial/tutorial_tb.v] -no_script -reset -force -quiet
remove_files  C:/vivado_tutorial/digita_design_using_vivado/digita_design_using_vivado.srcs/sources_1/imports/tutorial/tutorial_tb.v
set_property SOURCE_SET sources_1 [get_filesets sim_1]
add_files -fileset sim_1 -norecurse -scan_for_includes C:/Users/lesliex/tutorial/digital_design_tutorial/sources/Vivado_Tutorial_Using_IP_Integrator/tutorial/tutorial_tb.v
import_files -fileset sim_1 -norecurse C:/Users/lesliex/tutorial/digital_design_tutorial/sources/Vivado_Tutorial_Using_IP_Integrator/tutorial/tutorial_tb.v
update_compile_order -fileset sim_1
update_compile_order -fileset sim_1
set_property -dict {PACKAGE_PIN W9 IOSTANDARD LVCMOS33} [get_ports {SW7}]
create_ip_run [get_files -of_objects [get_fileset sources_1] C:/vivado_tutorial/digita_design_using_vivado/digita_design_using_vivado.srcs/sources_1/bd/design_1/design_1.bd]
synth_design -rtl -rtl_skip_mlo -name rtl_1
set_property -dict {PACKAGE_PIN W9 IOSTANDARD LVCMOS33} [get_ports {SW7}]
save_constraints
reset_run synth_1
launch_runs impl_1 -jobs 8
wait_on_run impl_1
launch_runs impl_1 -to_step write_bitstream -jobs 8
wait_on_run impl_1
open_hw_manager
connect_hw_server -allow_non_jtag
open_hw_target
set_property PROGRAM.FILE {C:/vivado_tutorial/digita_design_using_vivado/digita_design_using_vivado.runs/impl_1/design_1_wrapper.bit} [get_hw_devices xc7z020_1]
current_hw_device [get_hw_devices xc7z020_1]
refresh_hw_device -update_hw_probes false [lindex [get_hw_devices xc7z020_1] 0]
set_property PROBES.FILE {} [get_hw_devices xc7z020_1]
set_property FULL_PROBES.FILE {} [get_hw_devices xc7z020_1]
set_property PROGRAM.FILE {C:/vivado_tutorial/digita_design_using_vivado/digita_design_using_vivado.runs/impl_1/design_1_wrapper.bit} [get_hw_devices xc7z020_1]
program_hw_devices [get_hw_devices xc7z020_1]
refresh_hw_device [lindex [get_hw_devices xc7z020_1] 0]
close_hw_manager
open_hw_manager
connect_hw_server -allow_non_jtag
open_hw_target
set_property PROGRAM.FILE {C:/vivado_tutorial/digita_design_using_vivado/digita_design_using_vivado.runs/impl_1/design_1_wrapper.bit} [get_hw_devices xc7z020_1]
current_hw_device [get_hw_devices xc7z020_1]
refresh_hw_device -update_hw_probes false [lindex [get_hw_devices xc7z020_1] 0]
