#-----------------------------------------------------------
# Vivado v2021.2 (64-bit)
# SW Build 3367213 on Tue Oct 19 02:48:09 MDT 2021
# IP Build 3369179 on Thu Oct 21 08:25:16 MDT 2021
# Start of session at: Wed Jan 19 15:44:47 2022
# Process ID: 36972
# Current directory: C:/Users/lesliex/tutorial/digital_design_tutorial/digita_design_using_vivado
# Command line: vivado.exe -gui_launcher_event rodinguilauncherevent1164 C:\Users\lesliex\tutorial\digital_design_tutorial\digita_design_using_vivado\digita_design_using_vivado.xpr
# Log file: C:/Users/lesliex/tutorial/digital_design_tutorial/digita_design_using_vivado/vivado.log
# Journal file: C:/Users/lesliex/tutorial/digital_design_tutorial/digita_design_using_vivado\vivado.jou
# Running On: XSHWELI20, OS: Windows, CPU Frequency: 3000 MHz, CPU Physical cores: 8, Host memory: 34131 MB
#-----------------------------------------------------------
start_gui
open_project C:/Users/lesliex/tutorial/digital_design_tutorial/digita_design_using_vivado/digita_design_using_vivado.xpr
update_compile_order -fileset sources_1
write_project_tcl -all_properties -dump_project_info {C:/vivado_tutorial/digita_design_using_vivado/digita_design_using_vivado.runs/impl_1/digita_design_using_vivado.tcl}
